I'm sorry, but errors were detected in your script. Please correct the
errors listed below, and try again.


File "game/script.rpy", line 2986: is not terminated with a newline. (Check strings and parenthesis.)
(Perhaps you left out a " at the end of the first line.)
            "Fightë Møn!:

Ren'Py Version: Ren'Py 7.1.1.929
Thu Feb 07 03:19:31 2019
